WARNING lego_deal_scanner.retail.http: GET https://www.brickmerge.de/76440-1_x -> HTTP 429 (attempt 1)
WARNING lego_deal_scanner.retail.http: GET https://www.brickmerge.de/76440-1_x -> HTTP 429 (attempt 2)
WARNING lego_deal_scanner.retail.http: GET https://www.brickmerge.de/60440-1_x -> HTTP 429 (attempt 1)
WARNING lego_deal_scanner.retail.http: GET https://www.brickmerge.de/43242-1_x -> HTTP 429 (attempt 1)
WARNING lego_deal_scanner.retail.http: GET https://www.brickmerge.de/43242-1_x -> HTTP 429 (attempt 2)
WARNING lego_deal_scanner.retail.http: GET https://www.brickmerge.de/21338-1_x -> HTTP 429 (attempt 1)
WARNING lego_deal_scanner.retail.http: GET https://www.brickmerge.de/21338-1_x -> HTTP 429 (attempt 2)
WARNING lego_deal_scanner.retail.http: GET https://www.brickmerge.de/30628-1_x -> HTTP 429 (attempt 1)
WARNING lego_deal_scanner.retail.http: GET https://www.brickmerge.de/10345-1_x -> HTTP 429 (attempt 1)
WARNING lego_deal_scanner.retail.http: GET https://www.brickmerge.de/71799-1_x -> HTTP 429 (attempt 1)
WARNING lego_deal_scanner.retail.http: GET https://www.brickmerge.de/21350-1_x -> HTTP 429 (attempt 1)
WARNING lego_deal_scanner.retail.http: GET https://www.brickmerge.de/21376-1_x -> HTTP 429 (attempt 1)
WARNING lego_deal_scanner.retail.http: GET https://www.brickmerge.de/77256-1_x -> HTTP 429 (attempt 1)
WARNING lego_deal_scanner.retail.http: GET https://www.brickmerge.de/40355-1_x -> HTTP 429 (attempt 1)
WARNING lego_deal_scanner.retail.http: GET https://www.brickmerge.de/10340-1_x -> HTTP 429 (attempt 1)
WARNING lego_deal_scanner.retail.http: GET https://www.brickmerge.de/10352-1_x -> HTTP 429 (attempt 1)
WARNING lego_deal_scanner.retail.http: GET https://www.brickmerge.de/40801-1_x -> HTTP 429 (attempt 1)
WARNING lego_deal_scanner.retail.http: GET https://www.brickmerge.de/40921-1_x -> HTTP 429 (attempt 1)
WARNING lego_deal_scanner.retail.http: GET https://www.brickmerge.de/43021-1_x -> HTTP 429 (attempt 1)
WARNING lego_deal_scanner.retail.http: GET https://www.brickmerge.de/77252-1_x -> HTTP 429 (attempt 1)
WARNING lego_deal_scanner.retail.http: GET https://www.brickmerge.de/71855-1_x -> HTTP 429 (attempt 1)
WARNING lego_deal_scanner.retail.http: GET https://www.brickmerge.de/21337-1_x -> HTTP 429 (attempt 1)
WARNING lego_deal_scanner.retail.http: GET https://www.brickmerge.de/31212-1_x -> HTTP 429 (attempt 1)
WARNING lego_deal_scanner.retail.http: GET https://www.brickmerge.de/40681-1_x -> HTTP 429 (attempt 1)
WARNING lego_deal_scanner.retail.http: GET https://www.brickmerge.de/11384-1_x -> HTTP 429 (attempt 1)
WARNING lego_deal_scanner.retail.http: GET https://www.brickmerge.de/40916-1_x -> HTTP 429 (attempt 1)
WARNING lego_deal_scanner.retail.http: GET https://www.brickmerge.de/40560-1_x -> HTTP 429 (attempt 1)
WARNING lego_deal_scanner.retail.http: GET https://www.brickmerge.de/21262-1_x -> HTTP 429 (attempt 1)
WARNING lego_deal_scanner.retail.http: GET https://www.brickmerge.de/40955-1_x -> HTTP 429 (attempt 1)
WARNING lego_deal_scanner.retail.http: GET https://www.brickmerge.de/11375-1_x -> HTTP 429 (attempt 1)
WARNING lego_deal_scanner.retail.http: GET https://www.brickmerge.de/40728-1_x -> HTTP 429 (attempt 1)
WARNING lego_deal_scanner.retail.http: GET https://www.brickmerge.de/60509-1_x -> HTTP 429 (attempt 1)
WARNING lego_deal_scanner.retail.http: GET https://www.brickmerge.de/40817-1_x -> HTTP 429 (attempt 1)
WARNING lego_deal_scanner.retail.http: GET https://www.brickmerge.de/11371-1_x -> HTTP 429 (attempt 1)
WARNING lego_deal_scanner.retail.http: GET https://www.brickmerge.de/40380-1_x -> HTTP 429 (attempt 1)
WARNING lego_deal_scanner.retail.http: GET https://www.brickmerge.de/10374-1_x -> HTTP 429 (attempt 1)
WARNING lego_deal_scanner.retail.http: GET https://www.brickmerge.de/40352-1_x -> HTTP 429 (attempt 1)
WARNING lego_deal_scanner.retail.http: GET https://www.brickmerge.de/40793-1_x -> HTTP 429 (attempt 1)
WARNING lego_deal_scanner.retail.http: GET https://www.brickmerge.de/76251-1_x -> HTTP 429 (attempt 1)
WARNING lego_deal_scanner.retail.http: GET https://www.brickmerge.de/75397-1_x -> HTTP 429 (attempt 1)
WARNING lego_deal_scanner.retail.http: GET https://www.brickmerge.de/10363-1_x -> HTTP 429 (attempt 1)
WARNING lego_deal_scanner.retail.http: GET https://www.brickmerge.de/76919-1_x -> HTTP 429 (attempt 1)
WARNING lego_deal_scanner.retail.http: GET https://www.brickmerge.de/21365-1_x -> HTTP 429 (attempt 1)
WARNING lego_deal_scanner.retail.http: GET https://www.brickmerge.de/11374-1_x -> HTTP 429 (attempt 1)
WARNING lego_deal_scanner.retail.http: GET https://www.brickmerge.de/21366-1_x -> HTTP 429 (attempt 1)
WARNING lego_deal_scanner.retail.http: GET https://www.brickmerge.de/40634-1_x -> HTTP 429 (attempt 1)
WARNING lego_deal_scanner.retail.http: GET https://www.brickmerge.de/76965-1_x -> HTTP 429 (attempt 1)
WARNING lego_deal_scanner.retail.http: GET https://www.brickmerge.de/75417-1_x -> HTTP 429 (attempt 1)
WARNING lego_deal_scanner.retail.http: GET https://www.brickmerge.de/77253-1_x -> HTTP 429 (attempt 1)
WARNING lego_deal_scanner.retail.http: GET https://www.brickmerge.de/31393-1_x -> HTTP 429 (attempt 1)
WARNING lego_deal_scanner.retail.http: GET https://www.brickmerge.de/75640-1_x -> HTTP 429 (attempt 1)
WARNING lego_deal_scanner.retail.http: GET https://www.brickmerge.de/42215-1_x -> HTTP 429 (attempt 1)
WARNING lego_deal_scanner.retail.http: GET https://www.brickmerge.de/75338-1_x -> HTTP 429 (attempt 1)
WARNING lego_deal_scanner.retail.http: GET https://www.brickmerge.de/75647-1_x -> HTTP 429 (attempt 1)
WARNING lego_deal_scanner.retail.http: GET https://www.brickmerge.de/21591-1_x -> HTTP 429 (attempt 1)
WARNING lego_deal_scanner.retail.http: GET https://www.brickmerge.de/10366-1_x -> HTTP 429 (attempt 1)
WARNING lego_deal_scanner.retail.http: GET https://www.brickmerge.de/21359-1_x -> HTTP 429 (attempt 1)
WARNING lego_deal_scanner.retail.http: GET https://www.brickmerge.de/43306-1_x -> HTTP 429 (attempt 1)
WARNING lego_deal_scanner.retail.http: GET https://www.brickmerge.de/77985-1_x -> HTTP 429 (attempt 1)
WARNING lego_deal_scanner.retail.http: GET https://www.brickmerge.de/40920-1_x -> HTTP 429 (attempt 1)
WARNING lego_deal_scanner.retail.http: GET https://www.brickmerge.de/10354-1_x -> HTTP 429 (attempt 1)
WARNING lego_deal_scanner.retail.http: GET https://www.brickmerge.de/43025-1_x -> HTTP 429 (attempt 1)
WARNING lego_deal_scanner.retail.http: GET https://www.brickmerge.de/80121-1_x -> HTTP 429 (attempt 1)
WARNING lego_deal_scanner.retail.http: GET https://www.brickmerge.de/40687-1_x -> HTTP 429 (attempt 1)
WARNING lego_deal_scanner.retail.http: GET https://www.brickmerge.de/60501-1_x -> HTTP 429 (attempt 1)
WARNING lego_deal_scanner.retail.http: GET https://www.brickmerge.de/40864-1_x -> HTTP 429 (attempt 1)
WARNING lego_deal_scanner.retail.http: GET https://www.brickmerge.de/60508-1_x -> HTTP 429 (attempt 1)
WARNING lego_deal_scanner.retail.http: GET https://www.brickmerge.de/31216-1_x -> HTTP 429 (attempt 1)
WARNING lego_deal_scanner.retail.http: GET https://www.brickmerge.de/40688-1_x -> HTTP 429 (attempt 1)
WARNING lego_deal_scanner.retail.http: GET https://www.brickmerge.de/10356-1_x -> HTTP 429 (attempt 1)
WARNING lego_deal_scanner.retail.http: GET https://www.brickmerge.de/40922-1_x -> HTTP 429 (attempt 1)
WARNING lego_deal_scanner.retail.http: GET https://www.brickmerge.de/60488-1_x -> HTTP 429 (attempt 1)
WARNING lego_deal_scanner.retail.http: GET https://www.brickmerge.de/42196-1_x -> HTTP 429 (attempt 1)
WARNING lego_deal_scanner.retail.http: GET https://www.brickmerge.de/40680-1_x -> HTTP 429 (attempt 1)
WARNING lego_deal_scanner.retail.http: GET https://www.brickmerge.de/40952-1_x -> HTTP 429 (attempt 1)
WARNING lego_deal_scanner.retail.http: GET https://www.brickmerge.de/40792-1_x -> HTTP 429 (attempt 1)
WARNING lego_deal_scanner.retail.http: GET https://www.brickmerge.de/40760-1_x -> HTTP 429 (attempt 1)
WARNING lego_deal_scanner.retail.http: GET https://www.brickmerge.de/40646-1_x -> HTTP 429 (attempt 1)
WARNING lego_deal_scanner.retail.http: GET https://www.brickmerge.de/40878-1_x -> HTTP 429 (attempt 1)
WARNING lego_deal_scanner.retail.http: GET https://www.brickmerge.de/77093-1_x -> HTTP 429 (attempt 1)
WARNING lego_deal_scanner.retail.http: GET https://www.brickmerge.de/40822-1_x -> HTTP 429 (attempt 1)
WARNING lego_deal_scanner.retail.http: GET https://www.brickmerge.de/60470-1_x -> HTTP 429 (attempt 1)
WARNING lego_deal_scanner.retail.http: GET https://www.brickmerge.de/76458-1_x -> HTTP 429 (attempt 1)
WARNING lego_deal_scanner.retail.http: GET https://www.brickmerge.de/43269-1_x -> HTTP 429 (attempt 1)
WARNING lego_deal_scanner.retail.http: GET https://www.brickmerge.de/10362-1_x -> HTTP 429 (attempt 1)
WARNING lego_deal_scanner.retail.http: GET https://www.brickmerge.de/10367-1_x -> HTTP 429 (attempt 1)
WARNING lego_deal_scanner.retail.http: GET https://www.brickmerge.de/31171-1_x -> HTTP 429 (attempt 1)
WARNING lego_deal_scanner.retail.http: GET https://www.brickmerge.de/43232-1_x -> HTTP 429 (attempt 1)
WARNING lego_deal_scanner.retail.http: GET https://www.brickmerge.de/40803-1_x -> HTTP 429 (attempt 1)
WARNING lego_deal_scanner.retail.http: GET https://www.brickmerge.de/40923-1_x -> HTTP 429 (attempt 1)
WARNING lego_deal_scanner.retail.http: GET https://www.brickmerge.de/40856-1_x -> HTTP 429 (attempt 1)
WARNING lego_deal_scanner.retail.http: GET https://www.brickmerge.de/40924-1_x -> HTTP 429 (attempt 1)
WARNING lego_deal_scanner.retail.http: GET https://www.brickmerge.de/75389-1_x -> HTTP 429 (attempt 1)
WARNING lego_deal_scanner.retail.http: GET https://www.brickmerge.de/76317-1_x -> HTTP 429 (attempt 1)
WARNING lego_deal_scanner.retail.http: GET https://www.brickmerge.de/75376-1_x -> HTTP 429 (attempt 1)
WARNING lego_deal_scanner.retail.http: GET https://www.brickmerge.de/76330-1_x -> HTTP 429 (attempt 1)
WARNING lego_deal_scanner.retail.http: GET https://www.brickmerge.de/10342-1_x -> HTTP 429 (attempt 1)
WARNING lego_deal_scanner.retail.http: GET https://www.brickmerge.de/40954-1_x -> HTTP 429 (attempt 1)
WARNING lego_deal_scanner.retail.http: GET https://www.brickmerge.de/43033-1_x -> HTTP 429 (attempt 1)
WARNING lego_deal_scanner.retail.http: GET https://www.brickmerge.de/21281-1_x -> HTTP 429 (attempt 1)
WARNING lego_deal_scanner.retail.http: GET https://www.brickmerge.de/40426-1_x -> HTTP 429 (attempt 1)
WARNING lego_deal_scanner.retail.http: GET https://www.brickmerge.de/40674-1_x -> HTTP 429 (attempt 1)
WARNING lego_deal_scanner.retail.http: GET https://www.brickmerge.de/75382-1_x -> HTTP 429 (attempt 1)
WARNING lego_deal_scanner.retail.http: GET https://www.brickmerge.de/11508-1_x -> HTTP 429 (attempt 1)
WARNING lego_deal_scanner.retail.http: GET https://www.brickmerge.de/21226-1_x -> HTTP 429 (attempt 1)
WARNING lego_deal_scanner.retail.http: GET https://www.brickmerge.de/60469-1_x -> HTTP 429 (attempt 1)
WARNING lego_deal_scanner.retail.http: GET https://www.brickmerge.de/80036-1_x -> HTTP 429 (attempt 1)
WARNING lego_deal_scanner.retail.http: GET https://www.brickmerge.de/76975-1_x -> HTTP 429 (attempt 1)
WARNING lego_deal_scanner.retail.http: GET https://www.brickmerge.de/31167-1_x -> HTTP 429 (attempt 1)
WARNING lego_deal_scanner.retail.http: GET https://www.brickmerge.de/40703-1_x -> HTTP 429 (attempt 1)
WARNING lego_deal_scanner.retail.http: GET https://www.brickmerge.de/75399-1_x -> HTTP 429 (attempt 1)
WARNING lego_deal_scanner.retail.http: GET https://www.brickmerge.de/43277-1_x -> HTTP 429 (attempt 1)
WARNING lego_deal_scanner.retail.http: GET https://www.brickmerge.de/40720-1_x -> HTTP 429 (attempt 1)
WARNING lego_deal_scanner.retail.http: GET https://www.brickmerge.de/75420-1_x -> HTTP 429 (attempt 1)
WARNING lego_deal_scanner.retail.http: GET https://www.brickmerge.de/76470-1_x -> HTTP 429 (attempt 1)
WARNING lego_deal_scanner.retail.http: GET https://www.brickmerge.de/76970-1_x -> HTTP 429 (attempt 1)
WARNING lego_deal_scanner.retail.http: GET https://www.brickmerge.de/42146-1_x -> HTTP 429 (attempt 1)
WARNING lego_deal_scanner.retail.http: GET https://www.brickmerge.de/76433-1_x -> HTTP 429 (attempt 1)
WARNING lego_deal_scanner.retail.http: GET https://www.brickmerge.de/42224-1_x -> HTTP 429 (attempt 1)
WARNING lego_deal_scanner.retail.http: GET https://www.brickmerge.de/71858-1_x -> HTTP 429 (attempt 1)
WARNING lego_deal_scanner.retail.http: GET https://www.brickmerge.de/60478-1_x -> HTTP 429 (attempt 1)
WARNING lego_deal_scanner.retail.http: GET https://www.brickmerge.de/76969-1_x -> HTTP 429 (attempt 1)
WARNING lego_deal_scanner.retail.http: GET https://www.brickmerge.de/40885-1_x -> HTTP 429 (attempt 1)
WARNING lego_deal_scanner.retail.http: GET https://www.brickmerge.de/80013-1_x -> HTTP 429 (attempt 1)
WARNING lego_deal_scanner.retail.http: GET https://www.brickmerge.de/40676-1_x -> HTTP 429 (attempt 1)
WARNING lego_deal_scanner.retail.http: GET https://www.brickmerge.de/75443-1_x -> HTTP 429 (attempt 1)
WARNING lego_deal_scanner.retail.http: GET https://www.brickmerge.de/40682-1_x -> HTTP 429 (attempt 1)
WARNING lego_deal_scanner.retail.http: GET https://www.brickmerge.de/71847-1_x -> HTTP 429 (attempt 1)
WARNING lego_deal_scanner.retail.http: GET https://www.brickmerge.de/60479-1_x -> HTTP 429 (attempt 1)
WARNING lego_deal_scanner.retail.http: GET https://www.brickmerge.de/75452-1_x -> HTTP 429 (attempt 1)
WARNING lego_deal_scanner.retail.http: GET https://www.brickmerge.de/76972-1_x -> HTTP 429 (attempt 1)
WARNING lego_deal_scanner.retail.http: GET https://www.brickmerge.de/60505-1_x -> HTTP 429 (attempt 1)
WARNING lego_deal_scanner.retail.http: GET https://www.brickmerge.de/30683-1_x -> HTTP 429 (attempt 1)
WARNING lego_deal_scanner.retail.http: GET https://www.brickmerge.de/75441-1_x -> HTTP 429 (attempt 1)
WARNING lego_deal_scanner.retail.http: GET https://www.brickmerge.de/21273-1_x -> HTTP 429 (attempt 1)
WARNING lego_deal_scanner.retail.http: GET https://www.google.com/search?q=LEGO+10326+Steinehelden -> HTTP 429 (attempt 1)
WARNING lego_deal_scanner.retail.http: GET https://www.google.com/search?q=LEGO+10326+Steinehelden -> HTTP 429 (attempt 2)
WARNING lego_deal_scanner.retail.http: GET https://www.google.com/search?q=LEGO+10326+Steinehelden -> HTTP 429 (attempt 3)
WARNING lego_deal_scanner.retail.http: GET https://www.google.com/search?q=LEGO+60423+amazon -> HTTP 429 (attempt 1)
WARNING lego_deal_scanner.retail.http: GET https://www.google.com/search?q=LEGO+60423+amazon -> HTTP 429 (attempt 2)
WARNING lego_deal_scanner.retail.http: GET https://www.google.com/search?q=LEGO+60423+amazon -> HTTP 429 (attempt 3)
WARNING lego_deal_scanner.retail.http: GET https://www.google.com/search?q=LEGO+11504+amazon -> HTTP 429 (attempt 1)
WARNING lego_deal_scanner.retail.http: GET https://www.google.com/search?q=LEGO+11504+amazon -> HTTP 429 (attempt 2)
WARNING lego_deal_scanner.retail.http: GET https://www.google.com/search?q=LEGO+11504+amazon -> HTTP 429 (attempt 3)
WARNING lego_deal_scanner.retail.http: GET https://www.google.com/search?q=LEGO+10300+Proshop -> HTTP 429 (attempt 1)
WARNING lego_deal_scanner.retail.http: GET https://www.google.com/search?q=LEGO+10300+Proshop -> HTTP 429 (attempt 2)
WARNING lego_deal_scanner.notify: webhook post failed: HTTPSConnectionPool(host='discord.com', port=443): Max retries exceeded with url: /api/webhooks/1542936439921053796/OL8h8MjDOoJFIicEg3GH5Xep1GWhuJbi3SEymHJpyE3ipyZpOprz3VQ7PM5gQ9zFyN0s (Caused by SSLError(SSLCertVerificationError(1, '[SSL: CERTIFICATE_VERIFY_FAILED] certificate verify failed: self-signed certificate (_ssl.c:1082)')))
WARNING lego_deal_scanner.retail.http: GET https://www.brickmerge.de/76440-1_x -> HTTP 429 (attempt 1)
WARNING lego_deal_scanner.retail.http: GET https://www.brickmerge.de/60440-1_x -> HTTP 429 (attempt 1)
WARNING lego_deal_scanner.retail.http: GET https://www.brickmerge.de/43242-1_x -> HTTP 429 (attempt 1)
WARNING lego_deal_scanner.retail.http: GET https://www.brickmerge.de/43242-1_x -> HTTP 429 (attempt 2)
WARNING lego_deal_scanner.retail.http: GET https://www.brickmerge.de/21338-1_x -> HTTP 429 (attempt 1)
WARNING lego_deal_scanner.retail.http: GET https://www.brickmerge.de/21338-1_x -> HTTP 429 (attempt 2)
WARNING lego_deal_scanner.retail.http: GET https://www.brickmerge.de/10300-1_x -> HTTP 429 (attempt 1)
WARNING lego_deal_scanner.retail.http: GET https://www.brickmerge.de/30628-1_x -> HTTP 429 (attempt 1)
WARNING lego_deal_scanner.retail.http: GET https://www.brickmerge.de/10345-1_x -> HTTP 429 (attempt 1)
WARNING lego_deal_scanner.retail.http: GET https://www.brickmerge.de/10332-1_x -> HTTP 429 (attempt 1)
WARNING lego_deal_scanner.retail.http: GET https://www.brickmerge.de/71799-1_x -> HTTP 429 (attempt 1)
WARNING lego_deal_scanner.retail.http: GET https://www.brickmerge.de/43249-1_x -> HTTP 429 (attempt 1)
WARNING lego_deal_scanner.retail.http: GET https://www.brickmerge.de/76974-1_x -> HTTP 429 (attempt 1)
WARNING lego_deal_scanner.retail.http: GET https://www.brickmerge.de/40355-1_x -> HTTP 429 (attempt 1)
WARNING lego_deal_scanner.retail.http: GET https://www.brickmerge.de/40650-1_x -> HTTP 429 (attempt 1)
WARNING lego_deal_scanner.retail.http: GET https://www.brickmerge.de/10352-1_x -> HTTP 429 (attempt 1)
WARNING lego_deal_scanner.retail.http: GET https://www.brickmerge.de/40801-1_x -> HTTP 429 (attempt 1)
WARNING lego_deal_scanner.retail.http: GET https://www.brickmerge.de/40921-1_x -> HTTP 429 (attempt 1)
WARNING lego_deal_scanner.retail.http: GET https://www.brickmerge.de/40820-1_x -> HTTP 429 (attempt 1)
WARNING lego_deal_scanner.retail.http: GET https://www.brickmerge.de/77015-1_x -> HTTP 429 (attempt 1)
WARNING lego_deal_scanner.retail.http: GET https://www.brickmerge.de/31212-1_x -> HTTP 429 (attempt 1)
WARNING lego_deal_scanner.retail.http: GET https://www.brickmerge.de/40681-1_x -> HTTP 429 (attempt 1)
WARNING lego_deal_scanner.retail.http: GET https://www.brickmerge.de/76300-1_x -> HTTP 429 (attempt 1)
WARNING lego_deal_scanner.retail.http: GET https://www.brickmerge.de/40619-1_x -> HTTP 429 (attempt 1)
WARNING lego_deal_scanner.retail.http: GET https://www.brickmerge.de/75430-1_x -> HTTP 429 (attempt 1)
WARNING lego_deal_scanner.retail.http: GET https://www.brickmerge.de/40743-1_x -> HTTP 429 (attempt 1)
WARNING lego_deal_scanner.retail.http: GET https://www.brickmerge.de/40955-1_x -> HTTP 429 (attempt 1)
WARNING lego_deal_scanner.retail.http: GET https://www.brickmerge.de/11375-1_x -> HTTP 429 (attempt 1)
WARNING lego_deal_scanner.retail.http: GET https://www.brickmerge.de/40450-1_x -> HTTP 429 (attempt 1)
WARNING lego_deal_scanner.retail.http: GET https://www.brickmerge.de/40486-1_x -> HTTP 429 (attempt 1)
WARNING lego_deal_scanner.retail.http: GET https://www.brickmerge.de/40528-1_x -> HTTP 429 (attempt 1)
WARNING lego_deal_scanner.retail.http: GET https://www.brickmerge.de/40825-1_x -> HTTP 429 (attempt 1)
WARNING lego_deal_scanner.retail.http: GET https://www.brickmerge.de/21061-1_x -> HTTP 429 (attempt 1)
WARNING lego_deal_scanner.retail.http: GET https://www.brickmerge.de/40352-1_x -> HTTP 429 (attempt 1)
WARNING lego_deal_scanner.retail.http: GET https://www.brickmerge.de/43008-1_x -> HTTP 429 (attempt 1)
WARNING lego_deal_scanner.retail.http: GET https://www.brickmerge.de/60494-1_x -> HTTP 429 (attempt 1)
WARNING lego_deal_scanner.retail.http: GET https://www.brickmerge.de/10314-1_x -> HTTP 429 (attempt 1)
WARNING lego_deal_scanner.retail.http: GET https://www.brickmerge.de/42129-1_x -> HTTP 429 (attempt 1)
WARNING lego_deal_scanner.retail.http: GET https://www.brickmerge.de/11374-1_x -> HTTP 429 (attempt 1)
WARNING lego_deal_scanner.retail.http: GET https://www.brickmerge.de/77255-1_x -> HTTP 429 (attempt 1)
WARNING lego_deal_scanner.retail.http: GET https://www.brickmerge.de/75428-1_x -> HTTP 429 (attempt 1)
WARNING lego_deal_scanner.retail.http: GET https://www.brickmerge.de/75417-1_x -> HTTP 429 (attempt 1)
WARNING lego_deal_scanner.retail.http: GET https://www.brickmerge.de/77253-1_x -> HTTP 429 (attempt 1)
WARNING lego_deal_scanner.retail.http: GET https://www.brickmerge.de/42141-1_x -> HTTP 429 (attempt 1)
WARNING lego_deal_scanner.retail.http: GET https://www.brickmerge.de/42215-1_x -> HTTP 429 (attempt 1)
WARNING lego_deal_scanner.retail.http: GET https://www.brickmerge.de/80051-1_x -> HTTP 429 (attempt 1)
WARNING lego_deal_scanner.retail.http: GET https://www.brickmerge.de/75647-1_x -> HTTP 429 (attempt 1)
WARNING lego_deal_scanner.retail.http: GET https://www.brickmerge.de/21591-1_x -> HTTP 429 (attempt 1)
WARNING lego_deal_scanner.retail.http: GET https://www.brickmerge.de/75461-1_x -> HTTP 429 (attempt 1)
WARNING lego_deal_scanner.retail.http: GET https://www.brickmerge.de/11513-1_x -> HTTP 429 (attempt 1)
WARNING lego_deal_scanner.retail.http: GET https://www.brickmerge.de/77985-1_x -> HTTP 429 (attempt 1)
WARNING lego_deal_scanner.retail.http: GET https://www.brickmerge.de/40920-1_x -> HTTP 429 (attempt 1)
WARNING lego_deal_scanner.retail.http: GET https://www.brickmerge.de/10354-1_x -> HTTP 429 (attempt 1)
WARNING lego_deal_scanner.retail.http: GET https://www.brickmerge.de/10357-1_x -> HTTP 429 (attempt 1)
WARNING lego_deal_scanner.retail.http: GET https://www.brickmerge.de/77981-1_x -> HTTP 429 (attempt 1)
WARNING lego_deal_scanner.retail.http: GET https://www.brickmerge.de/43302-1_x -> HTTP 429 (attempt 1)
WARNING lego_deal_scanner.retail.http: GET https://www.brickmerge.de/40695-1_x -> HTTP 429 (attempt 1)
WARNING lego_deal_scanner.retail.http: GET https://www.brickmerge.de/40746-1_x -> HTTP 429 (attempt 1)
WARNING lego_deal_scanner.retail.http: GET https://www.brickmerge.de/31216-1_x -> HTTP 429 (attempt 1)
WARNING lego_deal_scanner.retail.http: GET https://www.brickmerge.de/40671-1_x -> HTTP 429 (attempt 1)
WARNING lego_deal_scanner.retail.http: GET https://www.brickmerge.de/40925-1_x -> HTTP 429 (attempt 1)
WARNING lego_deal_scanner.retail.http: GET https://www.brickmerge.de/75419-1_x -> HTTP 429 (attempt 1)
WARNING lego_deal_scanner.retail.http: GET https://www.brickmerge.de/42196-1_x -> HTTP 429 (attempt 1)
WARNING lego_deal_scanner.retail.http: GET https://www.brickmerge.de/43269-1_x failed (1/3): ('Connection aborted.', ConnectionResetError(54, 'Connection reset by peer'))
WARNING lego_deal_scanner.retail.http: GET https://www.brickmerge.de/10342-1_x -> HTTP 429 (attempt 1)
WARNING lego_deal_scanner.retail.http: GET https://www.brickmerge.de/30701-1_x -> HTTP 429 (attempt 1)
WARNING lego_deal_scanner.retail.http: GET https://www.brickmerge.de/72037-1_x -> HTTP 429 (attempt 1)
WARNING lego_deal_scanner.retail.http: GET https://www.brickmerge.de/43033-1_x -> HTTP 429 (attempt 1)
WARNING lego_deal_scanner.retail.http: GET https://www.brickmerge.de/60423-1_x -> HTTP 429 (attempt 1)
WARNING lego_deal_scanner.retail.http: GET https://www.brickmerge.de/40765-1_x -> HTTP 429 (attempt 1)
WARNING lego_deal_scanner.retail.http: GET https://www.brickmerge.de/21281-1_x -> HTTP 429 (attempt 1)
WARNING lego_deal_scanner.retail.http: GET https://www.brickmerge.de/40721-1_x -> HTTP 429 (attempt 1)
WARNING lego_deal_scanner.retail.http: GET https://www.brickmerge.de/40426-1_x -> HTTP 429 (attempt 1)
WARNING lego_deal_scanner.retail.http: GET https://www.brickmerge.de/40881-1_x -> HTTP 429 (attempt 1)
WARNING lego_deal_scanner.retail.http: GET https://www.brickmerge.de/75423-1_x -> HTTP 429 (attempt 1)
WARNING lego_deal_scanner.retail.http: GET https://www.brickmerge.de/11508-1_x -> HTTP 429 (attempt 1)
WARNING lego_deal_scanner.retail.http: GET https://www.brickmerge.de/5007905-1_x -> HTTP 429 (attempt 1)
WARNING lego_deal_scanner.retail.http: GET https://www.brickmerge.de/60469-1_x -> HTTP 429 (attempt 1)
WARNING lego_deal_scanner.retail.http: GET https://www.brickmerge.de/80036-1_x -> HTTP 429 (attempt 1)
WARNING lego_deal_scanner.retail.http: GET https://www.brickmerge.de/76975-1_x -> HTTP 429 (attempt 1)
WARNING lego_deal_scanner.retail.http: GET https://www.brickmerge.de/40703-1_x -> HTTP 429 (attempt 1)
WARNING lego_deal_scanner.retail.http: GET https://www.brickmerge.de/40814-1_x -> HTTP 429 (attempt 1)
WARNING lego_deal_scanner.retail.http: GET https://www.brickmerge.de/40678-1_x -> HTTP 429 (attempt 1)
WARNING lego_deal_scanner.retail.http: GET https://www.brickmerge.de/43277-1_x -> HTTP 429 (attempt 1)
WARNING lego_deal_scanner.retail.http: GET https://www.brickmerge.de/40720-1_x -> HTTP 429 (attempt 1)
WARNING lego_deal_scanner.retail.http: GET https://www.brickmerge.de/76456-1_x -> HTTP 429 (attempt 1)
WARNING lego_deal_scanner.retail.http: GET https://www.brickmerge.de/42167-1_x -> HTTP 429 (attempt 1)
WARNING lego_deal_scanner.retail.http: GET https://www.brickmerge.de/11509-1_x -> HTTP 429 (attempt 1)
WARNING lego_deal_scanner.retail.http: GET https://www.brickmerge.de/40669-1_x -> HTTP 429 (attempt 1)
WARNING lego_deal_scanner.retail.http: GET https://www.brickmerge.de/40763-1_x -> HTTP 429 (attempt 1)
WARNING lego_deal_scanner.retail.http: GET https://www.brickmerge.de/60422-1_x -> HTTP 429 (attempt 1)
WARNING lego_deal_scanner.retail.http: GET https://www.brickmerge.de/71858-1_x -> HTTP 429 (attempt 1)
WARNING lego_deal_scanner.retail.http: GET https://www.brickmerge.de/60478-1_x -> HTTP 429 (attempt 1)
WARNING lego_deal_scanner.retail.http: GET https://www.brickmerge.de/80103-1_x -> HTTP 429 (attempt 1)
WARNING lego_deal_scanner.retail.http: GET https://www.brickmerge.de/60367-1_x -> HTTP 429 (attempt 1)
WARNING lego_deal_scanner.retail.http: GET https://www.brickmerge.de/80013-1_x -> HTTP 429 (attempt 1)
WARNING lego_deal_scanner.retail.http: GET https://www.brickmerge.de/75440-1_x -> HTTP 429 (attempt 1)
WARNING lego_deal_scanner.retail.http: GET https://www.brickmerge.de/40676-1_x -> HTTP 429 (attempt 1)
WARNING lego_deal_scanner.retail.http: GET https://www.brickmerge.de/75443-1_x -> HTTP 429 (attempt 1)
WARNING lego_deal_scanner.retail.http: GET https://www.brickmerge.de/40682-1_x -> HTTP 429 (attempt 1)
WARNING lego_deal_scanner.retail.http: GET https://www.brickmerge.de/71847-1_x -> HTTP 429 (attempt 1)
WARNING lego_deal_scanner.retail.http: GET https://www.brickmerge.de/21279-1_x -> HTTP 429 (attempt 1)
WARNING lego_deal_scanner.retail.http: GET https://www.brickmerge.de/40622-1_x -> HTTP 429 (attempt 1)
WARNING lego_deal_scanner.retail.http: GET https://www.brickmerge.de/75452-1_x -> HTTP 429 (attempt 1)
WARNING lego_deal_scanner.retail.http: GET https://www.brickmerge.de/60505-1_x -> HTTP 429 (attempt 1)
WARNING lego_deal_scanner.retail.http: GET https://www.brickmerge.de/30683-1_x -> HTTP 429 (attempt 1)
WARNING lego_deal_scanner.retail.http: GET https://www.google.com/search?q=LEGO+71813+Lucky+Bricks -> HTTP 429 (attempt 1)
WARNING lego_deal_scanner.retail.http: GET https://www.google.com/search?q=LEGO+71813+Lucky+Bricks -> HTTP 429 (attempt 2)
WARNING lego_deal_scanner.retail.http: GET https://www.google.com/search?q=LEGO+71813+Lucky+Bricks -> HTTP 429 (attempt 3)
WARNING lego_deal_scanner.retail.http: GET https://www.google.com/search?q=LEGO+80036+Lucky+Bricks -> HTTP 429 (attempt 1)
WARNING lego_deal_scanner.retail.http: GET https://www.google.com/search?q=LEGO+80036+Lucky+Bricks -> HTTP 429 (attempt 2)
WARNING lego_deal_scanner.retail.http: GET https://www.google.com/search?q=LEGO+80036+Lucky+Bricks -> HTTP 429 (attempt 3)
WARNING lego_deal_scanner.retail.http: GET https://www.google.com/search?q=LEGO+40824+Lucky+Bricks -> HTTP 429 (attempt 1)
WARNING lego_deal_scanner.retail.http: GET https://www.google.com/search?q=LEGO+40824+Lucky+Bricks -> HTTP 429 (attempt 2)
WARNING lego_deal_scanner.retail.http: GET https://www.google.com/search?q=LEGO+40824+Lucky+Bricks -> HTTP 429 (attempt 3)
WARNING lego_deal_scanner.retail.http: GET https://www.google.com/search?q=LEGO+76969+amazon -> HTTP 429 (attempt 1)
WARNING lego_deal_scanner.retail.http: GET https://www.google.com/search?q=LEGO+76969+amazon -> HTTP 429 (attempt 2)
WARNING lego_deal_scanner.retail.http: GET https://www.google.com/search?q=LEGO+76969+amazon -> HTTP 429 (attempt 3)
WARNING lego_deal_scanner.retail.http: GET https://www.google.com/search?q=LEGO+42141+duo-Shop -> HTTP 429 (attempt 1)
WARNING lego_deal_scanner.notify: webhook post failed: HTTPSConnectionPool(host='discord.com', port=443): Max retries exceeded with url: /api/webhooks/1542936439921053796/OL8h8MjDOoJFIicEg3GH5Xep1GWhuJbi3SEymHJpyE3ipyZpOprz3VQ7PM5gQ9zFyN0s (Caused by SSLError(SSLCertVerificationError(1, '[SSL: CERTIFICATE_VERIFY_FAILED] certificate verify failed: self-signed certificate (_ssl.c:1082)')))
WARNING lego_deal_scanner.retail.http: GET https://www.brickmerge.de/10326-1_x -> HTTP 429 (attempt 1)
WARNING lego_deal_scanner.retail.http: GET https://www.brickmerge.de/10326-1_x -> HTTP 429 (attempt 2)
WARNING lego_deal_scanner.retail.http: GET https://www.brickmerge.de/10326-1_x -> HTTP 429 (attempt 3)
WARNING lego_deal_scanner.retail.http: GET https://www.brickmerge.de/76437-1_x -> HTTP 429 (attempt 1)
WARNING lego_deal_scanner.retail.http: GET https://www.brickmerge.de/40649-1_x -> HTTP 429 (attempt 1)
WARNING lego_deal_scanner.retail.http: GET https://www.brickmerge.de/21338-1_x -> HTTP 429 (attempt 1)
WARNING lego_deal_scanner.retail.http: GET https://www.brickmerge.de/11373-1_x -> HTTP 429 (attempt 1)
WARNING lego_deal_scanner.retail.http: GET https://www.brickmerge.de/30628-1_x -> HTTP 429 (attempt 1)
WARNING lego_deal_scanner.retail.http: GET https://www.brickmerge.de/21342-1_x -> HTTP 429 (attempt 1)
WARNING lego_deal_scanner.retail.http: GET https://www.brickmerge.de/77073-1_x -> HTTP 429 (attempt 1)
WARNING lego_deal_scanner.retail.http: GET https://www.brickmerge.de/21376-1_x -> HTTP 429 (attempt 1)
WARNING lego_deal_scanner.retail.http: GET https://www.brickmerge.de/21341-1_x -> HTTP 429 (attempt 1)
WARNING lego_deal_scanner.retail.http: GET https://www.brickmerge.de/40355-1_x -> HTTP 429 (attempt 1)
WARNING lego_deal_scanner.retail.http: GET https://www.brickmerge.de/10340-1_x -> HTTP 429 (attempt 1)
WARNING lego_deal_scanner.retail.http: GET https://www.brickmerge.de/75435-1_x -> HTTP 429 (attempt 1)
WARNING lego_deal_scanner.retail.http: GET https://www.brickmerge.de/21355-1_x -> HTTP 429 (attempt 1)
WARNING lego_deal_scanner.retail.http: GET https://www.brickmerge.de/10360-1_x -> HTTP 429 (attempt 1)
WARNING lego_deal_scanner.retail.http: GET https://www.brickmerge.de/43021-1_x -> HTTP 429 (attempt 1)
WARNING lego_deal_scanner.retail.http: GET https://www.brickmerge.de/75406-1_x -> HTTP 429 (attempt 1)
WARNING lego_deal_scanner.retail.http: GET https://www.brickmerge.de/42175-1_x -> HTTP 429 (attempt 1)
WARNING lego_deal_scanner.retail.http: GET https://www.brickmerge.de/77015-1_x -> HTTP 429 (attempt 1)
WARNING lego_deal_scanner.retail.http: GET https://www.brickmerge.de/31212-1_x -> HTTP 429 (attempt 1)
WARNING lego_deal_scanner.retail.http: GET https://www.brickmerge.de/40681-1_x -> HTTP 429 (attempt 1)
WARNING lego_deal_scanner.retail.http: GET https://www.brickmerge.de/11384-1_x -> HTTP 429 (attempt 1)
WARNING lego_deal_scanner.retail.http: GET https://www.brickmerge.de/40619-1_x -> HTTP 429 (attempt 1)
WARNING lego_deal_scanner.retail.http: GET https://www.brickmerge.de/40560-1_x -> HTTP 429 (attempt 1)
WARNING lego_deal_scanner.retail.http: GET https://www.brickmerge.de/21262-1_x -> HTTP 429 (attempt 1)
WARNING lego_deal_scanner.retail.http: GET https://www.brickmerge.de/40955-1_x -> HTTP 429 (attempt 1)
WARNING lego_deal_scanner.retail.http: GET https://www.brickmerge.de/11375-1_x -> HTTP 429 (attempt 1)
WARNING lego_deal_scanner.retail.http: GET https://www.brickmerge.de/40728-1_x -> HTTP 429 (attempt 1)
WARNING lego_deal_scanner.retail.http: GET https://www.brickmerge.de/40805-1_x -> HTTP 429 (attempt 1)
WARNING lego_deal_scanner.retail.http: GET https://www.brickmerge.de/40824-1_x -> HTTP 429 (attempt 1)
WARNING lego_deal_scanner.retail.http: GET https://www.brickmerge.de/76457-1_x -> HTTP 429 (attempt 1)
WARNING lego_deal_scanner.retail.http: GET https://www.brickmerge.de/40757-1_x -> HTTP 429 (attempt 1)
WARNING lego_deal_scanner.retail.http: GET https://www.brickmerge.de/40761-1_x -> HTTP 429 (attempt 1)
WARNING lego_deal_scanner.retail.http: GET https://www.brickmerge.de/21061-1_x -> HTTP 429 (attempt 1)
WARNING lego_deal_scanner.retail.http: GET https://www.brickmerge.de/10323-1_x -> HTTP 429 (attempt 1)
WARNING lego_deal_scanner.retail.http: GET https://www.brickmerge.de/40588-1_x -> HTTP 429 (attempt 1)
WARNING lego_deal_scanner.retail.http: GET https://www.brickmerge.de/43008-1_x -> HTTP 429 (attempt 1)
WARNING lego_deal_scanner.retail.http: GET https://www.brickmerge.de/60494-1_x -> HTTP 429 (attempt 1)
WARNING lego_deal_scanner.retail.http: GET https://www.brickmerge.de/10314-1_x -> HTTP 429 (attempt 1)
WARNING lego_deal_scanner.retail.http: GET https://www.brickmerge.de/40926-1_x -> HTTP 429 (attempt 1)
WARNING lego_deal_scanner.retail.http: GET https://www.brickmerge.de/71434-1_x -> HTTP 429 (attempt 1)
WARNING lego_deal_scanner.retail.http: GET https://www.brickmerge.de/80113-1_x -> HTTP 429 (attempt 1)
WARNING lego_deal_scanner.retail.http: GET https://www.brickmerge.de/77255-1_x -> HTTP 429 (attempt 1)
WARNING lego_deal_scanner.retail.http: GET https://www.brickmerge.de/75428-1_x -> HTTP 429 (attempt 1)
WARNING lego_deal_scanner.retail.http: GET https://www.brickmerge.de/75379-1_x -> HTTP 429 (attempt 1)
WARNING lego_deal_scanner.retail.http: GET https://www.brickmerge.de/75192-1_x -> HTTP 429 (attempt 1)
WARNING lego_deal_scanner.retail.http: GET https://www.brickmerge.de/11505-1_x -> HTTP 429 (attempt 1)
WARNING lego_deal_scanner.retail.http: GET https://www.brickmerge.de/42141-1_x -> HTTP 429 (attempt 1)
WARNING lego_deal_scanner.retail.http: GET https://www.brickmerge.de/42215-1_x -> HTTP 429 (attempt 1)
WARNING lego_deal_scanner.retail.http: GET https://www.brickmerge.de/11512-1_x -> HTTP 429 (attempt 1)
WARNING lego_deal_scanner.retail.http: GET https://www.brickmerge.de/75458-1_x -> HTTP 429 (attempt 1)
WARNING lego_deal_scanner.retail.http: GET https://www.brickmerge.de/75442-1_x -> HTTP 429 (attempt 1)
WARNING lego_deal_scanner.retail.http: GET https://www.brickmerge.de/10366-1_x -> HTTP 429 (attempt 1)
WARNING lego_deal_scanner.retail.http: GET https://www.brickmerge.de/21359-1_x -> HTTP 429 (attempt 1)
WARNING lego_deal_scanner.retail.http: GET https://www.brickmerge.de/43306-1_x -> HTTP 429 (attempt 1)
WARNING lego_deal_scanner.retail.http: GET https://www.brickmerge.de/31394-1_x -> HTTP 429 (attempt 1)
WARNING lego_deal_scanner.retail.http: GET https://www.brickmerge.de/42242-1_x -> HTTP 429 (attempt 1)
WARNING lego_deal_scanner.retail.http: GET https://www.brickmerge.de/40920-1_x -> HTTP 429 (attempt 1)
WARNING lego_deal_scanner.retail.http: GET https://www.brickmerge.de/10354-1_x -> HTTP 429 (attempt 1)
WARNING lego_deal_scanner.retail.http: GET https://www.brickmerge.de/43025-1_x -> HTTP 429 (attempt 1)
WARNING lego_deal_scanner.retail.http: GET https://www.brickmerge.de/80121-1_x -> HTTP 429 (attempt 1)
WARNING lego_deal_scanner.retail.http: GET https://www.brickmerge.de/40687-1_x -> HTTP 429 (attempt 1)
WARNING lego_deal_scanner.retail.http: GET https://www.brickmerge.de/80011-1_x -> HTTP 429 (attempt 1)
WARNING lego_deal_scanner.retail.http: GET https://www.brickmerge.de/40586-1_x -> HTTP 429 (attempt 1)
WARNING lego_deal_scanner.retail.http: GET https://www.brickmerge.de/40864-1_x -> HTTP 429 (attempt 1)
WARNING lego_deal_scanner.retail.http: GET https://www.brickmerge.de/60508-1_x -> HTTP 429 (attempt 1)
WARNING lego_deal_scanner.retail.http: GET https://www.brickmerge.de/31216-1_x -> HTTP 429 (attempt 1)
WARNING lego_deal_scanner.retail.http: GET https://www.brickmerge.de/11503-1_x -> HTTP 429 (attempt 1)
WARNING lego_deal_scanner.retail.http: GET https://www.brickmerge.de/21368-1_x -> HTTP 429 (attempt 1)
WARNING lego_deal_scanner.retail.http: GET https://www.brickmerge.de/40685-1_x -> HTTP 429 (attempt 1)
WARNING lego_deal_scanner.retail.http: GET https://www.brickmerge.de/75419-1_x -> HTTP 429 (attempt 1)
WARNING lego_deal_scanner.retail.http: GET https://www.brickmerge.de/42196-1_x -> HTTP 429 (attempt 1)
WARNING lego_deal_scanner.retail.http: GET https://www.brickmerge.de/40680-1_x -> HTTP 429 (attempt 1)
WARNING lego_deal_scanner.retail.http: GET https://www.brickmerge.de/40952-1_x -> HTTP 429 (attempt 1)
WARNING lego_deal_scanner.retail.http: GET https://www.brickmerge.de/60511-1_x -> HTTP 429 (attempt 1)
WARNING lego_deal_scanner.retail.http: GET https://www.brickmerge.de/40804-1_x -> HTTP 429 (attempt 1)
WARNING lego_deal_scanner.retail.http: GET https://www.brickmerge.de/40760-1_x -> HTTP 429 (attempt 1)
WARNING lego_deal_scanner.retail.http: GET https://www.brickmerge.de/40683-1_x -> HTTP 429 (attempt 1)
WARNING lego_deal_scanner.retail.http: GET https://www.brickmerge.de/40521-1_x -> HTTP 429 (attempt 1)
WARNING lego_deal_scanner.retail.http: GET https://www.brickmerge.de/77093-1_x -> HTTP 429 (attempt 1)
WARNING lego_deal_scanner.retail.http: GET https://www.brickmerge.de/75421-1_x -> HTTP 429 (attempt 1)
WARNING lego_deal_scanner.retail.http: GET https://www.brickmerge.de/40516-1_x -> HTTP 429 (attempt 1)
WARNING lego_deal_scanner.retail.http: GET https://www.brickmerge.de/21360-1_x -> HTTP 429 (attempt 1)
WARNING lego_deal_scanner.retail.http: GET https://www.brickmerge.de/43279-1_x -> HTTP 429 (attempt 1)
WARNING lego_deal_scanner.retail.http: GET https://www.brickmerge.de/11376-1_x -> HTTP 429 (attempt 1)
WARNING lego_deal_scanner.retail.http: GET https://www.brickmerge.de/43305-1_x -> HTTP 429 (attempt 1)
WARNING lego_deal_scanner.retail.http: GET https://www.brickmerge.de/40518-1_x -> HTTP 429 (attempt 1)
WARNING lego_deal_scanner.retail.http: GET https://www.brickmerge.de/40879-1_x -> HTTP 429 (attempt 1)
WARNING lego_deal_scanner.retail.http: GET https://www.brickmerge.de/40797-1_x -> HTTP 429 (attempt 1)
WARNING lego_deal_scanner.retail.http: GET https://www.brickmerge.de/40861-1_x -> HTTP 429 (attempt 1)
WARNING lego_deal_scanner.retail.http: GET https://www.brickmerge.de/43307-1_x -> HTTP 429 (attempt 1)
WARNING lego_deal_scanner.retail.http: GET https://www.brickmerge.de/40856-1_x failed (1/3): ('Connection aborted.', ConnectionResetError(54, 'Connection reset by peer'))
WARNING lego_deal_scanner.retail.http: GET https://www.brickmerge.de/40765-1_x failed (1/3): ('Connection aborted.', ConnectionResetError(54, 'Connection reset by peer'))
WARNING lego_deal_scanner.retail.http: GET https://www.brickmerge.de/40720-1_x -> HTTP 429 (attempt 1)
WARNING lego_deal_scanner.retail.http: GET https://www.brickmerge.de/40720-1_x -> HTTP 429 (attempt 2)
WARNING lego_deal_scanner.retail.http: GET https://www.brickmerge.de/40720-1_x -> HTTP 429 (attempt 3)
WARNING lego_deal_scanner.retail.http: GET https://www.brickmerge.de/30390-1_x -> HTTP 429 (attempt 1)
WARNING lego_deal_scanner.retail.http: GET https://www.brickmerge.de/30390-1_x -> HTTP 429 (attempt 2)
WARNING lego_deal_scanner.retail.http: GET https://www.brickmerge.de/11509-1_x -> HTTP 429 (attempt 1)
WARNING lego_deal_scanner.retail.http: GET https://www.brickmerge.de/76433-1_x -> HTTP 429 (attempt 1)
WARNING lego_deal_scanner.retail.http: GET https://www.brickmerge.de/40763-1_x -> HTTP 429 (attempt 1)
WARNING lego_deal_scanner.retail.http: GET https://www.brickmerge.de/60422-1_x -> HTTP 429 (attempt 1)
WARNING lego_deal_scanner.retail.http: GET https://www.brickmerge.de/11501-1_x -> HTTP 429 (attempt 1)
WARNING lego_deal_scanner.retail.http: GET https://www.brickmerge.de/60478-1_x -> HTTP 429 (attempt 1)
WARNING lego_deal_scanner.retail.http: GET https://www.brickmerge.de/80103-1_x -> HTTP 429 (attempt 1)
WARNING lego_deal_scanner.retail.http: GET https://www.brickmerge.de/60367-1_x -> HTTP 429 (attempt 1)
WARNING lego_deal_scanner.retail.http: GET https://www.brickmerge.de/75440-1_x -> HTTP 429 (attempt 1)
WARNING lego_deal_scanner.retail.http: GET https://www.brickmerge.de/40676-1_x -> HTTP 429 (attempt 1)
WARNING lego_deal_scanner.retail.http: GET https://www.brickmerge.de/75443-1_x -> HTTP 429 (attempt 1)
WARNING lego_deal_scanner.retail.http: GET https://www.brickmerge.de/42121-1_x -> HTTP 429 (attempt 1)
WARNING lego_deal_scanner.retail.http: GET https://www.brickmerge.de/40682-1_x -> HTTP 429 (attempt 1)
WARNING lego_deal_scanner.retail.http: GET https://www.brickmerge.de/71847-1_x -> HTTP 429 (attempt 1)
WARNING lego_deal_scanner.retail.http: GET https://www.brickmerge.de/60479-1_x -> HTTP 429 (attempt 1)
WARNING lego_deal_scanner.retail.http: GET https://www.brickmerge.de/75452-1_x -> HTTP 429 (attempt 1)
WARNING lego_deal_scanner.retail.http: GET https://www.brickmerge.de/42602-1_x -> HTTP 429 (attempt 1)
WARNING lego_deal_scanner.retail.http: GET https://www.brickmerge.de/60505-1_x -> HTTP 429 (attempt 1)
WARNING lego_deal_scanner.retail.http: GET https://www.brickmerge.de/30683-1_x -> HTTP 429 (attempt 1)
WARNING lego_deal_scanner.retail.http: GET https://www.brickmerge.de/75441-1_x -> HTTP 429 (attempt 1)
WARNING lego_deal_scanner.retail.http: GET https://www.brickmerge.de/75367-1_x -> HTTP 429 (attempt 1)
WARNING lego_deal_scanner.retail.http: GET https://www.google.com/search?q=LEGO+10300+Proshop -> HTTP 429 (attempt 1)
WARNING lego_deal_scanner.retail.http: GET https://www.google.com/search?q=LEGO+10300+Proshop -> HTTP 429 (attempt 2)
WARNING lego_deal_scanner.retail.http: GET https://www.google.com/search?q=LEGO+10300+Proshop -> HTTP 429 (attempt 3)
WARNING lego_deal_scanner.retail.http: GET https://www.google.com/search?q=LEGO+72037+Proshop -> HTTP 429 (attempt 1)
WARNING lego_deal_scanner.retail.http: GET https://www.google.com/search?q=LEGO+72037+Proshop -> HTTP 429 (attempt 2)
WARNING lego_deal_scanner.retail.http: GET https://www.google.com/search?q=LEGO+72037+Proshop -> HTTP 429 (attempt 3)
WARNING lego_deal_scanner.retail.http: GET https://www.google.com/search?q=LEGO+31212+Steinehelden -> HTTP 429 (attempt 1)
WARNING lego_deal_scanner.retail.http: GET https://www.google.com/search?q=LEGO+31212+Steinehelden -> HTTP 429 (attempt 2)
WARNING lego_deal_scanner.retail.http: GET https://www.google.com/search?q=LEGO+31212+Steinehelden -> HTTP 429 (attempt 3)
WARNING lego_deal_scanner.retail.http: GET https://www.google.com/search?q=LEGO+42242+Proshop -> HTTP 429 (attempt 1)
WARNING lego_deal_scanner.retail.http: GET https://www.google.com/search?q=LEGO+42242+Proshop -> HTTP 429 (attempt 2)
WARNING lego_deal_scanner.notify: webhook post failed: HTTPSConnectionPool(host='discord.com', port=443): Max retries exceeded with url: /api/webhooks/1542936439921053796/OL8h8MjDOoJFIicEg3GH5Xep1GWhuJbi3SEymHJpyE3ipyZpOprz3VQ7PM5gQ9zFyN0s (Caused by ConnectTimeoutError(<HTTPSConnection(host='discord.com', port=443) at 0x107e59bd0>, 'Connection to discord.com timed out. (connect timeout=15)'))
WARNING lego_deal_scanner.retail.http: GET https://www.brickmerge.de/10316-1_x -> HTTP 429 (attempt 1)
WARNING lego_deal_scanner.retail.http: GET https://www.brickmerge.de/10316-1_x -> HTTP 429 (attempt 2)
WARNING lego_deal_scanner.retail.http: GET https://www.brickmerge.de/10316-1_x -> HTTP 429 (attempt 3)
WARNING lego_deal_scanner.retail.http: GET https://www.brickmerge.de/76440-1_x -> HTTP 429 (attempt 1)
WARNING lego_deal_scanner.retail.http: GET https://www.brickmerge.de/76440-1_x -> HTTP 429 (attempt 2)
WARNING lego_deal_scanner.retail.http: GET https://www.brickmerge.de/40499-1_x -> HTTP 429 (attempt 1)
WARNING lego_deal_scanner.retail.http: GET https://www.brickmerge.de/76333-1_x -> HTTP 429 (attempt 1)
WARNING lego_deal_scanner.retail.http: GET https://www.brickmerge.de/71799-1_x -> HTTP 429 (attempt 1)
WARNING lego_deal_scanner.retail.http: GET https://www.brickmerge.de/43249-1_x -> HTTP 429 (attempt 1)
WARNING lego_deal_scanner.retail.http: GET https://www.brickmerge.de/76974-1_x -> HTTP 429 (attempt 1)
WARNING lego_deal_scanner.retail.http: GET https://www.brickmerge.de/42184-1_x -> HTTP 429 (attempt 1)
WARNING lego_deal_scanner.retail.http: GET https://www.brickmerge.de/75409-1_x -> HTTP 429 (attempt 1)
WARNING lego_deal_scanner.retail.http: GET https://www.brickmerge.de/21355-1_x -> HTTP 429 (attempt 1)
WARNING lego_deal_scanner.retail.http: GET https://www.brickmerge.de/40921-1_x -> HTTP 429 (attempt 1)
WARNING lego_deal_scanner.retail.http: GET https://www.brickmerge.de/77252-1_x -> HTTP 429 (attempt 1)
WARNING lego_deal_scanner.retail.http: GET https://www.brickmerge.de/42175-1_x -> HTTP 429 (attempt 1)
WARNING lego_deal_scanner.retail.http: GET https://www.brickmerge.de/60475-1_x -> HTTP 429 (attempt 1)
WARNING lego_deal_scanner.retail.http: GET https://www.brickmerge.de/60512-1_x -> HTTP 429 (attempt 1)
WARNING lego_deal_scanner.retail.http: GET https://www.brickmerge.de/40681-1_x -> HTTP 429 (attempt 1)
WARNING lego_deal_scanner.retail.http: GET https://www.brickmerge.de/40409-1_x -> HTTP 429 (attempt 1)
WARNING lego_deal_scanner.retail.http: GET https://www.brickmerge.de/10333-1_x -> HTTP 429 (attempt 1)
WARNING lego_deal_scanner.retail.http: GET https://www.brickmerge.de/21262-1_x -> HTTP 429 (attempt 1)
WARNING lego_deal_scanner.retail.http: GET https://www.brickmerge.de/40955-1_x -> HTTP 429 (attempt 1)
WARNING lego_deal_scanner.retail.http: GET https://www.brickmerge.de/40759-1_x -> HTTP 429 (attempt 1)
WARNING lego_deal_scanner.retail.http: GET https://www.brickmerge.de/40450-1_x -> HTTP 429 (attempt 1)
WARNING lego_deal_scanner.retail.http: GET https://www.brickmerge.de/40817-1_x -> HTTP 429 (attempt 1)
WARNING lego_deal_scanner.retail.http: GET https://www.brickmerge.de/11371-1_x -> HTTP 429 (attempt 1)
WARNING lego_deal_scanner.retail.http: GET https://www.brickmerge.de/40380-1_x -> HTTP 429 (attempt 1)
WARNING lego_deal_scanner.retail.http: GET https://www.brickmerge.de/21061-1_x -> HTTP 429 (attempt 1)
WARNING lego_deal_scanner.retail.http: GET https://www.brickmerge.de/10323-1_x -> HTTP 429 (attempt 1)
WARNING lego_deal_scanner.retail.http: GET https://www.brickmerge.de/40588-1_x -> HTTP 429 (attempt 1)
WARNING lego_deal_scanner.retail.http: GET https://www.brickmerge.de/76449-1_x -> HTTP 429 (attempt 1)
WARNING lego_deal_scanner.retail.http: GET https://www.brickmerge.de/75397-1_x -> HTTP 429 (attempt 1)
WARNING lego_deal_scanner.retail.http: GET https://www.brickmerge.de/10363-1_x -> HTTP 429 (attempt 1)
WARNING lego_deal_scanner.retail.http: GET https://www.brickmerge.de/76919-1_x -> HTTP 429 (attempt 1)
WARNING lego_deal_scanner.retail.http: GET https://www.brickmerge.de/42129-1_x -> HTTP 429 (attempt 1)
WARNING lego_deal_scanner.retail.http: GET https://www.brickmerge.de/11374-1_x -> HTTP 429 (attempt 1)
WARNING lego_deal_scanner.retail.http: GET https://www.brickmerge.de/21366-1_x -> HTTP 429 (attempt 1)
WARNING lego_deal_scanner.retail.http: GET https://www.brickmerge.de/40634-1_x -> HTTP 429 (attempt 1)
WARNING lego_deal_scanner.retail.http: GET https://www.brickmerge.de/76965-1_x -> HTTP 429 (attempt 1)
WARNING lego_deal_scanner.retail.http: GET https://www.brickmerge.de/75417-1_x -> HTTP 429 (attempt 1)
WARNING lego_deal_scanner.retail.http: GET https://www.brickmerge.de/77253-1_x -> HTTP 429 (attempt 1)
WARNING lego_deal_scanner.retail.http: GET https://www.brickmerge.de/31393-1_x -> HTTP 429 (attempt 1)
WARNING lego_deal_scanner.retail.http: GET https://www.brickmerge.de/75640-1_x -> HTTP 429 (attempt 1)
WARNING lego_deal_scanner.retail.http: GET https://www.brickmerge.de/75338-1_x -> HTTP 429 (attempt 1)
WARNING lego_deal_scanner.retail.http: GET https://www.brickmerge.de/21369-1_x -> HTTP 429 (attempt 1)
WARNING lego_deal_scanner.retail.http: GET https://www.brickmerge.de/77984-1_x -> HTTP 429 (attempt 1)
WARNING lego_deal_scanner.retail.http: GET https://www.brickmerge.de/75459-1_x -> HTTP 429 (attempt 1)
WARNING lego_deal_scanner.retail.http: GET https://www.brickmerge.de/11378-1_x -> HTTP 429 (attempt 1)
WARNING lego_deal_scanner.retail.http: GET https://www.brickmerge.de/43306-1_x -> HTTP 429 (attempt 1)
WARNING lego_deal_scanner.retail.http: GET https://www.brickmerge.de/77985-1_x -> HTTP 429 (attempt 1)
WARNING lego_deal_scanner.retail.http: GET https://www.brickmerge.de/80112-1_x -> HTTP 429 (attempt 1)
WARNING lego_deal_scanner.retail.http: GET https://www.brickmerge.de/31378-1_x -> HTTP 429 (attempt 1)
WARNING lego_deal_scanner.retail.http: GET https://www.brickmerge.de/40595-1_x -> HTTP 429 (attempt 1)
WARNING lego_deal_scanner.retail.http: GET https://www.brickmerge.de/42241-1_x -> HTTP 429 (attempt 1)
WARNING lego_deal_scanner.retail.http: GET https://www.brickmerge.de/80121-1_x -> HTTP 429 (attempt 1)
WARNING lego_deal_scanner.retail.http: GET https://www.brickmerge.de/80120-1_x -> HTTP 429 (attempt 1)
WARNING lego_deal_scanner.retail.http: GET https://www.brickmerge.de/80011-1_x -> HTTP 429 (attempt 1)
WARNING lego_deal_scanner.retail.http: GET https://www.brickmerge.de/40695-1_x -> HTTP 429 (attempt 1)
WARNING lego_deal_scanner.retail.http: GET https://www.brickmerge.de/40586-1_x -> HTTP 429 (attempt 1)
WARNING lego_deal_scanner.retail.http: GET https://www.brickmerge.de/40746-1_x -> HTTP 429 (attempt 1)
WARNING lego_deal_scanner.retail.http: GET https://www.brickmerge.de/42674-1_x -> HTTP 429 (attempt 1)
WARNING lego_deal_scanner.retail.http: GET https://www.brickmerge.de/31216-1_x -> HTTP 429 (attempt 1)
WARNING lego_deal_scanner.retail.http: GET https://www.brickmerge.de/11503-1_x -> HTTP 429 (attempt 1)
WARNING lego_deal_scanner.retail.http: GET https://www.brickmerge.de/10356-1_x -> HTTP 429 (attempt 1)
WARNING lego_deal_scanner.retail.http: GET https://www.brickmerge.de/40922-1_x -> HTTP 429 (attempt 1)
WARNING lego_deal_scanner.retail.http: GET https://www.brickmerge.de/60488-1_x -> HTTP 429 (attempt 1)
WARNING lego_deal_scanner.retail.http: GET https://www.brickmerge.de/40689-1_x -> HTTP 429 (attempt 1)
WARNING lego_deal_scanner.retail.http: GET https://www.brickmerge.de/40957-1_x -> HTTP 429 (attempt 1)
WARNING lego_deal_scanner.retail.http: GET https://www.brickmerge.de/43020-1_x -> HTTP 429 (attempt 1)
WARNING lego_deal_scanner.retail.http: GET https://www.brickmerge.de/40915-1_x -> HTTP 429 (attempt 1)
WARNING lego_deal_scanner.retail.http: GET https://www.brickmerge.de/40860-1_x -> HTTP 429 (attempt 1)
WARNING lego_deal_scanner.retail.http: GET https://www.brickmerge.de/40804-1_x -> HTTP 429 (attempt 1)
WARNING lego_deal_scanner.retail.http: GET https://www.brickmerge.de/40670-1_x -> HTTP 429 (attempt 1)
WARNING lego_deal_scanner.retail.http: GET https://www.brickmerge.de/10466-1_x -> HTTP 429 (attempt 1)
WARNING lego_deal_scanner.retail.http: GET https://www.brickmerge.de/75421-1_x -> HTTP 429 (attempt 1)
WARNING lego_deal_scanner.retail.http: GET https://www.brickmerge.de/40516-1_x -> HTTP 429 (attempt 1)
WARNING lego_deal_scanner.retail.http: GET https://www.brickmerge.de/43279-1_x -> HTTP 429 (attempt 1)
WARNING lego_deal_scanner.retail.http: GET https://www.brickmerge.de/43269-1_x -> HTTP 429 (attempt 1)
WARNING lego_deal_scanner.retail.http: GET https://www.brickmerge.de/40891-1_x -> HTTP 429 (attempt 1)
WARNING lego_deal_scanner.retail.http: GET https://www.brickmerge.de/10367-1_x -> HTTP 429 (attempt 1)
WARNING lego_deal_scanner.retail.http: GET https://www.brickmerge.de/76321-1_x -> HTTP 429 (attempt 1)
WARNING lego_deal_scanner.retail.http: GET https://www.brickmerge.de/40861-1_x -> HTTP 429 (attempt 1)
WARNING lego_deal_scanner.retail.http: GET https://www.brickmerge.de/40923-1_x -> HTTP 429 (attempt 1)
WARNING lego_deal_scanner.retail.http: GET https://www.brickmerge.de/75425-1_x -> HTTP 429 (attempt 1)
WARNING lego_deal_scanner.retail.http: GET https://www.brickmerge.de/40776-1_x -> HTTP 429 (attempt 1)
WARNING lego_deal_scanner.retail.http: GET https://www.brickmerge.de/40677-1_x -> HTTP 429 (attempt 1)
WARNING lego_deal_scanner.retail.http: GET https://www.brickmerge.de/30434-1_x -> HTTP 429 (attempt 1)
WARNING lego_deal_scanner.retail.http: GET https://www.brickmerge.de/76330-1_x -> HTTP 429 (attempt 1)
WARNING lego_deal_scanner.retail.http: GET https://www.brickmerge.de/10342-1_x -> HTTP 429 (attempt 1)
WARNING lego_deal_scanner.retail.http: GET https://www.brickmerge.de/60423-1_x -> HTTP 429 (attempt 1)
WARNING lego_deal_scanner.retail.http: GET https://www.brickmerge.de/40721-1_x -> HTTP 429 (attempt 1)
WARNING lego_deal_scanner.retail.http: GET https://www.brickmerge.de/40674-1_x -> HTTP 429 (attempt 1)
WARNING lego_deal_scanner.retail.http: GET https://www.brickmerge.de/75382-1_x -> HTTP 429 (attempt 1)
WARNING lego_deal_scanner.retail.http: GET https://www.brickmerge.de/60469-1_x -> HTTP 429 (attempt 1)
WARNING lego_deal_scanner.retail.http: GET https://www.brickmerge.de/40487-1_x -> HTTP 429 (attempt 1)
WARNING lego_deal_scanner.retail.http: GET https://www.brickmerge.de/31167-1_x -> HTTP 429 (attempt 1)
WARNING lego_deal_scanner.retail.http: GET https://www.brickmerge.de/40703-1_x -> HTTP 429 (attempt 1)
WARNING lego_deal_scanner.retail.http: GET https://www.brickmerge.de/75399-1_x -> HTTP 429 (attempt 1)
WARNING lego_deal_scanner.retail.http: GET https://www.brickmerge.de/43277-1_x -> HTTP 429 (attempt 1)
WARNING lego_deal_scanner.retail.http: GET https://www.brickmerge.de/42171-1_x -> HTTP 429 (attempt 1)
WARNING lego_deal_scanner.retail.http: GET https://www.brickmerge.de/76456-1_x -> HTTP 429 (attempt 1)
WARNING lego_deal_scanner.retail.http: GET https://www.brickmerge.de/75436-1_x -> HTTP 429 (attempt 1)
WARNING lego_deal_scanner.retail.http: GET https://www.brickmerge.de/42146-1_x -> HTTP 429 (attempt 1)
WARNING lego_deal_scanner.retail.http: GET https://www.brickmerge.de/5007906-1_x -> HTTP 429 (attempt 1)
WARNING lego_deal_scanner.retail.http: GET https://www.brickmerge.de/40359-1_x -> HTTP 429 (attempt 1)
WARNING lego_deal_scanner.retail.http: GET https://www.brickmerge.de/11501-1_x -> HTTP 429 (attempt 1)
WARNING lego_deal_scanner.retail.http: GET https://www.brickmerge.de/40711-1_x -> HTTP 429 (attempt 1)
WARNING lego_deal_scanner.retail.http: GET https://www.brickmerge.de/40885-1_x -> HTTP 429 (attempt 1)
WARNING lego_deal_scanner.retail.http: GET https://www.brickmerge.de/80013-1_x -> HTTP 429 (attempt 1)
WARNING lego_deal_scanner.retail.http: GET https://www.brickmerge.de/40676-1_x -> HTTP 429 (attempt 1)
WARNING lego_deal_scanner.retail.http: GET https://www.brickmerge.de/42096-1_x -> HTTP 429 (attempt 1)
WARNING lego_deal_scanner.retail.http: GET https://www.brickmerge.de/75422-1_x -> HTTP 429 (attempt 1)
WARNING lego_deal_scanner.retail.http: GET https://www.brickmerge.de/40547-1_x -> HTTP 429 (attempt 1)
WARNING lego_deal_scanner.retail.http: GET https://www.brickmerge.de/60479-1_x -> HTTP 429 (attempt 1)
WARNING lego_deal_scanner.retail.http: GET https://www.brickmerge.de/75452-1_x -> HTTP 429 (attempt 1)
WARNING lego_deal_scanner.retail.http: GET https://www.brickmerge.de/42602-1_x -> HTTP 429 (attempt 1)
WARNING lego_deal_scanner.retail.http: GET https://www.brickmerge.de/31174-1_x -> HTTP 429 (attempt 1)
WARNING lego_deal_scanner.retail.http: GET https://www.brickmerge.de/76459-1_x -> HTTP 429 (attempt 1)
WARNING lego_deal_scanner.retail.http: GET https://www.brickmerge.de/75367-1_x -> HTTP 429 (attempt 1)
WARNING lego_deal_scanner.retail.http: GET https://www.google.com/search?q=LEGO+10326+Steinehelden -> HTTP 429 (attempt 1)
WARNING lego_deal_scanner.retail.http: GET https://www.google.com/search?q=LEGO+10326+Steinehelden -> HTTP 429 (attempt 2)
WARNING lego_deal_scanner.retail.http: GET https://www.google.com/search?q=LEGO+10326+Steinehelden -> HTTP 429 (attempt 3)
WARNING lego_deal_scanner.retail.http: GET https://www.google.com/search?q=LEGO+60423+amazon -> HTTP 429 (attempt 1)
WARNING lego_deal_scanner.retail.http: GET https://www.google.com/search?q=LEGO+60423+amazon -> HTTP 429 (attempt 2)
WARNING lego_deal_scanner.retail.http: GET https://www.google.com/search?q=LEGO+60423+amazon -> HTTP 429 (attempt 3)
WARNING lego_deal_scanner.retail.http: GET https://www.google.com/search?q=LEGO+11504+amazon -> HTTP 429 (attempt 1)
WARNING lego_deal_scanner.retail.http: GET https://www.google.com/search?q=LEGO+11504+amazon -> HTTP 429 (attempt 2)
WARNING lego_deal_scanner.retail.http: GET https://www.google.com/search?q=LEGO+11504+amazon -> HTTP 429 (attempt 3)
WARNING lego_deal_scanner.retail.http: GET https://www.google.com/search?q=LEGO+10300+Proshop -> HTTP 429 (attempt 1)
WARNING lego_deal_scanner.retail.http: GET https://www.google.com/search?q=LEGO+10300+Proshop -> HTTP 429 (attempt 2)
WARNING lego_deal_scanner.retail.http: GET https://www.google.com/search?q=LEGO+10300+Proshop -> HTTP 429 (attempt 3)
WARNING lego_deal_scanner.notify: webhook post failed: HTTPSConnectionPool(host='discord.com', port=443): Max retries exceeded with url: /api/webhooks/1542936439921053796/OL8h8MjDOoJFIicEg3GH5Xep1GWhuJbi3SEymHJpyE3ipyZpOprz3VQ7PM5gQ9zFyN0s (Caused by SSLError(SSLCertVerificationError(1, '[SSL: CERTIFICATE_VERIFY_FAILED] certificate verify failed: self-signed certificate (_ssl.c:1082)')))
WARNING lego_deal_scanner.retail.http: GET https://www.brickmerge.de/30628-1_x failed (1/3): ('Connection aborted.', ConnectionResetError(54, 'Connection reset by peer'))
WARNING lego_deal_scanner.retail.http: GET https://www.brickmerge.de/42175-1_x -> HTTP 429 (attempt 1)
WARNING lego_deal_scanner.retail.http: GET https://www.brickmerge.de/40926-1_x -> HTTP 429 (attempt 1)
WARNING lego_deal_scanner.retail.http: GET https://www.brickmerge.de/40926-1_x -> HTTP 429 (attempt 2)
WARNING lego_deal_scanner.retail.http: GET https://www.brickmerge.de/40926-1_x -> HTTP 429 (attempt 3)
WARNING lego_deal_scanner.retail.http: GET https://www.brickmerge.de/75458-1_x failed (1/3): ('Connection aborted.', ConnectionResetError(54, 'Connection reset by peer'))
WARNING lego_deal_scanner.retail.http: GET https://www.brickmerge.de/40586-1_x -> HTTP 429 (attempt 1)
WARNING lego_deal_scanner.retail.http: GET https://www.brickmerge.de/40586-1_x -> HTTP 429 (attempt 2)
WARNING lego_deal_scanner.retail.http: GET https://www.brickmerge.de/60495-1_x -> HTTP 429 (attempt 1)
WARNING lego_deal_scanner.retail.http: GET https://www.brickmerge.de/43277-1_x failed (1/3): ('Connection aborted.', ConnectionResetError(54, 'Connection reset by peer'))
WARNING lego_deal_scanner.retail.http: GET https://www.brickmerge.de/76969-1_x failed (1/3): ('Connection aborted.', ConnectionResetError(54, 'Connection reset by peer'))
WARNING lego_deal_scanner.retail.http: GET https://www.google.com/search?q=LEGO+75367+Proshop failed (1/3): ('Connection aborted.', ConnectionResetError(54, 'Connection reset by peer'))
WARNING lego_deal_scanner.retail.http: GET https://www.google.com/search?q=LEGO+10356+Proshop failed (1/3): ('Connection aborted.', ConnectionResetError(54, 'Connection reset by peer'))
WARNING lego_deal_scanner.notify: webhook post failed: HTTPSConnectionPool(host='discord.com', port=443): Max retries exceeded with url: /api/webhooks/1542936439921053796/OL8h8MjDOoJFIicEg3GH5Xep1GWhuJbi3SEymHJpyE3ipyZpOprz3VQ7PM5gQ9zFyN0s (Caused by SSLError(SSLCertVerificationError(1, '[SSL: CERTIFICATE_VERIFY_FAILED] certificate verify failed: self-signed certificate (_ssl.c:1082)')))
